-------------------------------------------------------------------
         SDDP.jl (c) Oscar Dowson and contributors, 2017-25
-------------------------------------------------------------------
problem
  nodes           : 5
  state variables : 9
  scenarios       : Inf
  existing cuts   : false
options
  solver          : serial mode
  risk measure    : SDDP.Expectation()
  sampling scheme : SDDP.InSampleMonteCarlo
subproblem structure
  VariableRef                             : [30, 30]
  AffExpr in MOI.EqualTo{Float64}         : [11, 11]
  AffExpr in MOI.LessThan{Float64}        : [200, 200]
  VariableRef in MOI.GreaterThan{Float64} : [20, 20]
  VariableRef in MOI.LessThan{Float64}    : [1, 1]
numerical stability report
  matrix range     [4e-03, 5e+02]
  objective range  [1e+00, 1e+00]
  bounds range     [2e+04, 2e+04]
  rhs range        [5e-01, 4e+02]
-------------------------------------------------------------------
 iteration    simulation      bound        time (s)     solves  pid
-------------------------------------------------------------------
-------------------------------------------------------------------
         SDDP.jl (c) Oscar Dowson and contributors, 2017-25
-------------------------------------------------------------------
problem
  nodes           : 5
  state variables : 9
  scenarios       : Inf
  existing cuts   : false
options
  solver          : serial mode
  risk measure    : SDDP.Expectation()
  sampling scheme : SDDP.InSampleMonteCarlo
subproblem structure
  VariableRef                             : [30, 30]
  AffExpr in MOI.EqualTo{Float64}         : [11, 11]
  AffExpr in MOI.LessThan{Float64}        : [200, 200]
  VariableRef in MOI.GreaterThan{Float64} : [20, 20]
  VariableRef in MOI.LessThan{Float64}    : [1, 1]
numerical stability report
  matrix range     [4e-03, 5e+02]
  objective range  [1e+00, 1e+00]
  bounds range     [1e+04, 1e+04]
  rhs range        [5e-01, 4e+02]
-------------------------------------------------------------------
 iteration    simulation      bound        time (s)     solves  pid
-------------------------------------------------------------------
-------------------------------------------------------------------
         SDDP.jl (c) Oscar Dowson and contributors, 2017-25
-------------------------------------------------------------------
problem
  nodes           : 5
  state variables : 9
  scenarios       : Inf
  existing cuts   : false
options
  solver          : serial mode
  risk measure    : SDDP.Expectation()
  sampling scheme : SDDP.InSampleMonteCarlo
subproblem structure
  VariableRef                             : [30, 30]
  AffExpr in MOI.EqualTo{Float64}         : [10, 10]
  AffExpr in MOI.LessThan{Float64}        : [201, 201]
  VariableRef in MOI.GreaterThan{Float64} : [20, 20]
  VariableRef in MOI.LessThan{Float64}    : [1, 1]
numerical stability report
  matrix range     [4e-03, 5e+02]
  objective range  [1e+00, 1e+00]
  bounds range     [1e+04, 1e+04]
  rhs range        [5e-01, 4e+02]
-------------------------------------------------------------------
 iteration    simulation      bound        time (s)     solves  pid
-------------------------------------------------------------------
         1   3.283450e+02  1.008021e+04  1.154000e+00        36   1
         7   6.231222e+03  1.457462e+03  2.560000e+00       382   1
        14   2.426036e+03  1.113486e+03  3.814000e+00       699   1
        20   2.091747e+03  1.084935e+03  5.190000e+00      1020   1
        33   2.732461e+02  1.062116e+03  6.230000e+00      1323   1
        35   1.582236e+03  1.060740e+03  7.449000e+00      1495   1
        43   2.299143e+03  1.050565e+03  8.480000e+00      1733   1
        51   1.038029e+02  1.042240e+03  1.349200e+01      2271   1
        59   1.208259e+04  1.041693e+03  1.911000e+01      2884   1
        70   5.437648e+02  1.041301e+03  2.123300e+01      3260   1
-------------------------------------------------------------------
status         : iteration_limit
total time (s) : 2.123300e+01
total solves   : 3260
best bound     :  1.041301e+03
simulation ci  :  1.293714e+03 ± 5.121794e+02
numeric issues : 0
-------------------------------------------------------------------

